1789217711.141 200 /ready
1789217712.142 200 /ready
1789217713.142 200 /ready
1789217713.506 200 /traffic
1789217713.538 200 /traffic
1789217713.570 200 /traffic
1789217713.603 200 /traffic
1789217713.635 200 /traffic
1789217713.668 200 /traffic
1789217713.704 200 /traffic
1789217713.737 200 /traffic
1789217713.768 200 /traffic
1789217713.800 200 /traffic
1789217713.833 200 /traffic
1789217713.866 200 /traffic
1789217713.899 200 /traffic
1789217713.931 200 /traffic
1789217713.961 200 /traffic
1789217713.993 200 /traffic
1789217714.025 200 /traffic
1789217714.060 200 /traffic
1789217714.093 200 /traffic
1789217714.125 200 /traffic
1789217714.142 200 /ready
1789217714.158 200 /traffic
1789217714.190 200 /traffic
1789217714.223 200 /traffic
1789217714.254 200 /traffic
1789217714.287 200 /traffic
1789217714.325 200 /traffic
1789217714.359 200 /traffic
1789217714.396 200 /traffic
1789217714.429 200 /traffic
1789217714.461 200 /traffic
1789217714.494 200 /traffic
1789217714.526 200 /traffic
1789217714.557 200 /traffic
1789217714.592 200 /traffic
1789217714.629 200 /traffic
1789217714.660 200 /traffic
1789217714.693 200 /traffic
1789217714.725 200 /traffic
1789217714.756 200 /traffic
1789217714.790 200 /traffic
1789217714.823 200 /traffic
1789217714.855 200 /traffic
1789217714.887 200 /traffic
1789217714.920 200 /traffic
1789217714.953 200 /traffic
1789217714.987 200 /traffic
1789217715.020 200 /traffic
1789217715.053 200 /traffic
1789217715.091 200 /traffic
1789217715.124 200 /traffic
1789217715.142 200 /ready
1789217715.155 200 /traffic
1789217715.189 200 /traffic
1789217715.221 200 /traffic
1789217715.251 200 /traffic
1789217715.283 200 /traffic
1789217715.315 200 /traffic
1789217715.347 200 /traffic
1789217715.380 200 /traffic
1789217715.412 200 /traffic
1789217715.450 200 /traffic
1789217715.485 200 /traffic
1789217715.516 200 /traffic
1789217715.548 200 /traffic
1789217715.580 200 /traffic
1789217715.612 200 /traffic
1789217715.644 200 /traffic
1789217715.676 200 /traffic
1789217715.723 200 /traffic
1789217715.772 200 /traffic
1789217715.806 200 /traffic
1789217715.839 200 /traffic
1789217715.873 200 /traffic
1789217715.906 200 /traffic
1789217715.939 200 /traffic
1789217715.970 200 /traffic
1789217716.001 200 /traffic
1789217716.034 200 /traffic
1789217716.065 200 /traffic
1789217716.097 200 /traffic
1789217716.130 200 /traffic
1789217716.142 200 /ready
1789217716.166 200 /traffic
1789217716.197 200 /traffic
1789217716.230 200 /traffic
1789217716.263 200 /traffic
1789217716.295 200 /traffic
1789217716.326 200 /traffic
1789217716.358 200 /traffic
1789217716.389 200 /traffic
1789217716.423 200 /traffic
1789217716.466 200 /traffic
1789217716.506 200 /traffic
1789217716.542 200 /traffic
1789217716.576 200 /traffic
1789217716.608 200 /traffic
1789217716.641 200 /traffic
1789217716.670 200 /traffic
1789217716.701 200 /traffic
1789217716.733 200 /traffic
1789217716.765 200 /traffic
1789217716.796 200 /traffic
1789217716.826 200 /traffic
1789217716.858 200 /traffic
1789217716.891 200 /traffic
1789217716.925 200 /traffic
1789217716.955 200 /traffic
1789217716.988 200 /traffic
1789217717.021 200 /traffic
1789217717.052 200 /traffic
1789217717.085 200 /traffic
1789217717.116 200 /traffic
1789217717.142 200 /ready
1789217717.150 200 /traffic
1789217717.182 200 /traffic
1789217717.215 200 /traffic
1789217717.249 200 /traffic
1789217717.282 200 /traffic
1789217717.315 200 /traffic
1789217717.347 200 /traffic
1789217717.379 200 /traffic
1789217717.411 200 /traffic
1789217717.445 200 /traffic
1789217717.478 200 /traffic
1789217717.516 200 /traffic
1789217717.548 200 /traffic
1789217717.581 200 /traffic
1789217717.613 200 /traffic
1789217717.648 200 /traffic
1789217717.681 200 /traffic
1789217717.713 200 /traffic
1789217717.746 200 /traffic
1789217717.778 200 /traffic
1789217717.812 200 /traffic
1789217717.844 200 /traffic
1789217717.876 200 /traffic
1789217717.909 200 /traffic
1789217717.940 200 /traffic
1789217717.973 200 /traffic
1789217718.006 200 /traffic
1789217718.039 200 /traffic
1789217718.071 200 /traffic
1789217718.103 200 /traffic
1789217718.135 200 /traffic
1789217718.142 200 /ready
1789217718.167 200 /traffic
1789217718.200 200 /traffic
1789217718.232 200 /traffic
1789217718.267 200 /traffic
1789217718.299 200 /traffic
1789217718.330 200 /traffic
1789217718.361 200 /traffic
1789217718.394 200 /traffic
1789217718.427 200 /traffic
1789217718.459 200 /traffic
1789217718.492 200 /traffic
1789217718.524 200 /traffic
1789217718.557 200 /traffic
1789217718.589 200 /traffic
1789217718.623 200 /traffic
1789217718.655 200 /traffic
1789217718.687 200 /traffic
1789217718.717 200 /traffic
1789217718.750 200 /traffic
1789217718.785 200 /traffic
1789217718.817 200 /traffic
1789217718.851 200 /traffic
1789217718.882 200 /traffic
1789217718.916 200 /traffic
1789217718.946 200 /traffic
1789217718.978 200 /traffic
1789217719.012 200 /traffic
1789217719.043 200 /traffic
1789217719.073 200 /traffic
1789217719.105 200 /traffic
1789217719.136 200 /traffic
1789217719.142 200 /ready
1789217719.168 200 /traffic
1789217719.200 200 /traffic
1789217719.233 200 /traffic
1789217719.265 200 /traffic
1789217719.298 200 /traffic
1789217719.332 200 /traffic
1789217719.364 200 /traffic
1789217719.397 200 /traffic
1789217719.432 200 /traffic
1789217719.463 200 /traffic
1789217719.498 200 /traffic
1789217719.542 200 /traffic
1789217719.579 200 /traffic
1789217719.611 200 /traffic
1789217719.643 200 /traffic
1789217719.674 200 /traffic
1789217719.713 200 /traffic
1789217719.746 200 /traffic
1789217719.777 200 /traffic
1789217719.810 200 /traffic
1789217719.841 200 /traffic
1789217719.873 200 /traffic
1789217719.904 200 /traffic
1789217719.936 200 /traffic
1789217719.968 200 /traffic
1789217720.000 200 /traffic
1789217720.033 200 /traffic
1789217720.065 200 /traffic
1789217720.097 200 /traffic
1789217720.128 200 /traffic
1789217720.142 200 /ready
1789217720.159 200 /traffic
1789217720.191 200 /traffic
1789217720.224 200 /traffic
1789217720.255 200 /traffic
1789217720.288 200 /traffic
1789217720.320 200 /traffic
1789217720.350 200 /traffic
1789217720.382 200 /traffic
1789217720.412 200 /traffic
1789217720.445 200 /traffic
1789217720.477 200 /traffic
1789217720.509 200 /traffic
1789217720.541 200 /traffic
1789217720.574 200 /traffic
1789217720.606 200 /traffic
1789217720.638 200 /traffic
1789217720.670 200 /traffic
1789217720.709 200 /traffic
1789217720.745 200 /traffic
1789217720.779 200 /traffic
1789217720.810 200 /traffic
1789217720.841 200 /traffic
1789217720.872 200 /traffic
1789217720.903 200 /traffic
1789217720.935 200 /traffic
1789217720.968 200 /traffic
1789217721.002 200 /traffic
1789217721.032 200 /traffic
1789217721.063 200 /traffic
1789217721.096 200 /traffic
1789217721.129 200 /traffic
1789217721.142 200 /ready
1789217721.161 200 /traffic
1789217721.191 200 /traffic
1789217721.224 200 /traffic
1789217721.256 200 /traffic
1789217721.290 200 /traffic
1789217721.321 200 /traffic
1789217721.354 200 /traffic
1789217721.388 200 /traffic
1789217721.420 200 /traffic
1789217721.450 200 /traffic
1789217721.482 200 /traffic
1789217721.513 200 /traffic
1789217721.546 200 /traffic
1789217721.580 200 /traffic
1789217721.611 200 /traffic
1789217721.646 200 /traffic
1789217721.680 200 /traffic
1789217721.711 200 /traffic
1789217721.743 200 /traffic
1789217721.774 200 /traffic
1789217721.808 200 /traffic
1789217721.839 200 /traffic
1789217721.870 200 /traffic
1789217721.904 200 /traffic
1789217721.937 200 /traffic
1789217721.970 200 /traffic
1789217722.002 200 /traffic
1789217722.033 200 /traffic
1789217722.064 200 /traffic
1789217722.097 200 /traffic
1789217722.129 200 /traffic
1789217722.142 200 /ready
1789217722.160 200 /traffic
1789217722.192 200 /traffic
1789217722.225 200 /traffic
1789217722.255 200 /traffic
1789217722.289 200 /traffic
1789217722.325 200 /traffic
1789217722.357 200 /traffic
1789217722.387 200 /traffic
1789217722.417 200 /traffic
1789217722.450 200 /traffic
1789217722.481 200 /traffic
1789217722.514 200 /traffic
1789217722.552 200 /traffic
1789217722.591 200 /traffic
1789217722.627 200 /traffic
1789217722.661 200 /traffic
1789217722.695 200 /traffic
1789217722.732 200 /traffic
1789217722.763 200 /traffic
1789217722.796 200 /traffic
1789217722.832 200 /traffic
1789217722.866 200 /traffic
1789217722.897 200 /traffic
1789217722.932 200 /traffic
1789217722.964 200 /traffic
1789217722.994 200 /traffic
1789217723.026 200 /traffic
1789217723.058 200 /traffic
1789217723.090 200 /traffic
1789217723.122 200 /traffic
1789217723.142 200 /ready
1789217723.153 200 /traffic
1789217723.185 200 /traffic
1789217723.217 200 /traffic
1789217723.250 200 /traffic
1789217723.282 200 /traffic
1789217723.313 200 /traffic
1789217723.345 200 /traffic
1789217723.377 200 /traffic
1789217723.410 200 /traffic
1789217723.442 200 /traffic
1789217723.477 200 /traffic
1789217723.509 200 /traffic
1789217723.542 200 /traffic
1789217723.572 200 /traffic
1789217723.603 200 /traffic
1789217723.635 200 /traffic
1789217723.665 200 /traffic
1789217723.699 200 /traffic
1789217723.731 200 /traffic
1789217723.761 200 /traffic
1789217723.794 200 /traffic
1789217723.827 200 /traffic
1789217723.857 200 /traffic
1789217723.888 200 /traffic
1789217723.918 200 /traffic
1789217723.950 200 /traffic
1789217723.983 200 /traffic
1789217724.020 200 /traffic
1789217724.055 200 /traffic
1789217724.087 200 /traffic
1789217724.120 200 /traffic
1789217724.142 200 /ready
1789217724.152 200 /traffic
1789217724.186 200 /traffic
1789217724.221 200 /traffic
1789217724.254 200 /traffic
1789217724.286 200 /traffic
1789217724.318 200 /traffic
1789217724.351 200 /traffic
1789217724.384 200 /traffic
1789217724.415 200 /traffic
1789217724.446 200 /traffic
1789217724.480 200 /traffic
1789217724.515 200 /traffic
1789217724.549 200 /traffic
1789217724.583 200 /traffic
1789217724.617 200 /traffic
1789217724.649 200 /traffic
1789217724.681 200 /traffic
1789217724.713 200 /traffic
1789217724.746 200 /traffic
1789217724.780 200 /traffic
1789217724.811 200 /traffic
1789217724.842 200 /traffic
1789217724.877 200 /traffic
1789217724.911 200 /traffic
1789217724.945 200 /traffic
1789217724.977 200 /traffic
1789217725.010 200 /traffic
1789217725.040 200 /traffic
1789217725.077 200 /traffic
1789217725.113 200 /traffic
1789217725.142 404 /ready
1789217725.144 404 /ready
1789217725.147 200 /traffic
1789217725.186 200 /traffic
1789217726.145 404 /ready
1789217727.145 404 /ready
1789217728.144 404 /ready
1789217729.145 404 /ready
1789217730.145 404 /ready
1789217731.146 404 /ready
1789217732.145 404 /ready
1789217733.145 404 /ready
1789217734.145 404 /ready
1789217735.145 404 /ready
1789217736.145 404 /ready
1789217737.145 200 /ready
1789217737.603 200 /traffic
1789217737.637 200 /traffic
1789217737.671 200 /traffic
1789217737.706 200 /traffic
1789217737.740 200 /traffic
1789217737.773 200 /traffic
1789217737.805 200 /traffic
1789217737.838 200 /traffic
1789217737.871 200 /traffic
1789217737.902 200 /traffic
1789217737.941 200 /traffic
1789217737.980 200 /traffic
1789217738.013 200 /traffic
1789217738.048 200 /traffic
1789217738.081 200 /traffic
1789217738.112 200 /traffic
1789217738.144 200 /traffic
1789217738.146 200 /ready
1789217738.178 200 /traffic
1789217738.212 200 /traffic
1789217738.246 200 /traffic
1789217738.281 200 /traffic
1789217738.312 200 /traffic
1789217738.342 200 /traffic
1789217738.374 200 /traffic
1789217738.406 200 /traffic
1789217738.438 200 /traffic
1789217738.470 200 /traffic
1789217738.502 200 /traffic
1789217738.541 200 /traffic
1789217738.574 200 /traffic
1789217738.608 200 /traffic
1789217738.640 200 /traffic
1789217738.674 200 /traffic
1789217738.707 200 /traffic
1789217738.739 200 /traffic
1789217738.771 200 /traffic
1789217738.802 200 /traffic
1789217738.833 200 /traffic
1789217738.865 200 /traffic
1789217738.898 200 /traffic
1789217738.929 200 /traffic
1789217738.962 200 /traffic
1789217738.996 200 /traffic
1789217739.026 200 /traffic
1789217739.060 200 /traffic
1789217739.092 200 /traffic
1789217739.126 200 /traffic
1789217739.145 200 /ready
1789217739.163 200 /traffic
1789217739.194 200 /traffic
1789217739.224 200 /traffic
1789217739.255 200 /traffic
1789217739.287 200 /traffic
1789217739.318 200 /traffic
1789217739.349 200 /traffic
1789217739.382 200 /traffic
1789217739.413 200 /traffic
1789217739.444 200 /traffic
1789217739.475 200 /traffic
1789217739.506 200 /traffic
1789217739.538 200 /traffic
1789217739.571 200 /traffic
1789217739.604 200 /traffic
1789217739.637 200 /traffic
1789217739.671 200 /traffic
1789217739.703 200 /traffic
1789217739.736 200 /traffic
1789217739.769 200 /traffic
1789217739.801 200 /traffic
1789217739.832 200 /traffic
1789217739.865 200 /traffic
1789217739.897 200 /traffic
1789217739.930 200 /traffic
1789217739.965 200 /traffic
1789217740.000 200 /traffic
1789217740.037 200 /traffic
1789217740.074 200 /traffic
1789217740.104 200 /traffic
1789217740.140 200 /traffic
1789217740.145 200 /ready
1789217740.175 200 /traffic
1789217740.206 200 /traffic
1789217740.238 200 /traffic
1789217740.271 200 /traffic
1789217740.302 200 /traffic
1789217740.334 200 /traffic
1789217740.367 200 /traffic
1789217740.400 200 /traffic
1789217740.434 200 /traffic
1789217740.467 200 /traffic
1789217740.500 200 /traffic
1789217740.532 200 /traffic
1789217740.564 200 /traffic
1789217740.597 200 /traffic
1789217740.629 200 /traffic
1789217740.661 200 /traffic
1789217740.692 200 /traffic
1789217740.726 200 /traffic
1789217740.760 200 /traffic
1789217740.793 200 /traffic
1789217740.826 200 /traffic
1789217740.857 200 /traffic
1789217740.889 200 /traffic
1789217740.925 200 /traffic
1789217740.957 200 /traffic
1789217740.988 200 /traffic
1789217741.029 200 /traffic
1789217741.101 200 /traffic
1789217741.135 200 /traffic
1789217741.144 200 /ready
1789217741.168 200 /traffic
1789217741.202 200 /traffic
1789217741.235 200 /traffic
1789217741.267 200 /traffic
1789217741.299 200 /traffic
1789217741.332 200 /traffic
1789217741.365 200 /traffic
1789217741.397 200 /traffic
1789217741.430 200 /traffic
1789217741.468 200 /traffic
1789217741.508 200 /traffic
1789217741.541 200 /traffic
1789217741.574 200 /traffic
1789217741.605 200 /traffic
1789217741.639 200 /traffic
1789217741.678 200 /traffic
1789217741.712 200 /traffic
1789217741.746 200 /traffic
1789217741.779 200 /traffic
1789217741.811 200 /traffic
1789217741.844 200 /traffic
1789217741.875 200 /traffic
1789217741.908 200 /traffic
1789217741.940 200 /traffic
1789217741.971 200 /traffic
1789217742.004 200 /traffic
1789217742.036 200 /traffic
1789217742.067 200 /traffic
1789217742.098 200 /traffic
1789217742.130 200 /traffic
1789217742.145 200 /ready
1789217742.166 200 /traffic
1789217742.198 200 /traffic
1789217742.234 200 /traffic
1789217742.268 200 /traffic
1789217742.299 200 /traffic
1789217742.329 200 /traffic
1789217742.362 200 /traffic
1789217742.394 200 /traffic
1789217742.425 200 /traffic
1789217742.455 200 /traffic
1789217742.487 200 /traffic
1789217742.518 200 /traffic
1789217742.548 200 /traffic
1789217742.582 200 /traffic
1789217742.615 200 /traffic
1789217742.651 200 /traffic
1789217742.684 200 /traffic
1789217742.716 200 /traffic
1789217742.748 200 /traffic
1789217742.780 200 /traffic
1789217742.813 200 /traffic
1789217742.844 200 /traffic
1789217742.878 200 /traffic
1789217742.910 200 /traffic
1789217742.943 200 /traffic
1789217742.976 200 /traffic
1789217743.008 200 /traffic
1789217743.040 200 /traffic
1789217743.074 200 /traffic
1789217743.105 200 /traffic
1789217743.137 200 /traffic
1789217743.145 200 /ready
1789217743.171 200 /traffic
1789217743.203 200 /traffic
1789217743.233 200 /traffic
1789217743.271 200 /traffic
1789217743.306 200 /traffic
1789217743.342 200 /traffic
1789217743.376 200 /traffic
1789217743.410 200 /traffic
1789217743.444 200 /traffic
1789217743.477 200 /traffic
1789217743.513 200 /traffic
1789217743.550 200 /traffic
1789217743.581 200 /traffic
1789217743.611 200 /traffic
1789217743.643 200 /traffic
1789217743.675 200 /traffic
1789217743.708 200 /traffic
1789217743.741 200 /traffic
1789217743.772 200 /traffic
1789217743.804 200 /traffic
1789217743.838 200 /traffic
1789217743.869 200 /traffic
1789217743.903 200 /traffic
1789217743.937 200 /traffic
1789217743.970 200 /traffic
1789217744.006 200 /traffic
1789217744.041 200 /traffic
1789217744.080 200 /traffic
1789217744.127 200 /traffic
1789217744.145 404 /ready
1789217744.150 404 /ready
1789217744.180 200 /traffic
1789217744.220 200 /traffic
1789217745.150 404 /ready
1789217746.150 404 /ready
1789217747.153 404 /ready
1789217748.150 404 /ready
1789217749.150 404 /ready
1789217750.151 404 /ready
1789217751.150 404 /ready
1789217752.150 404 /ready
1789217753.151 404 /ready
1789217754.151 404 /ready
1789217755.151 404 /ready
1789217756.150 200 /ready
1789217756.650 200 /traffic
1789217756.691 200 /traffic
1789217756.725 200 /traffic
1789217756.756 200 /traffic
1789217756.789 200 /traffic
1789217756.824 200 /traffic
1789217756.858 200 /traffic
1789217756.889 200 /traffic
1789217756.923 200 /traffic
1789217756.957 200 /traffic
1789217756.990 200 /traffic
1789217757.023 200 /traffic
1789217757.054 200 /traffic
1789217757.087 200 /traffic
1789217757.120 200 /traffic
1789217757.150 200 /ready
1789217757.152 200 /traffic
1789217757.183 200 /traffic
1789217757.216 200 /traffic
1789217757.246 200 /traffic
1789217757.281 200 /traffic
1789217757.312 200 /traffic
1789217757.344 200 /traffic
1789217757.377 200 /traffic
1789217757.411 200 /traffic
1789217757.443 200 /traffic
1789217757.476 200 /traffic
1789217757.512 200 /traffic
1789217757.544 200 /traffic
1789217757.577 200 /traffic
1789217757.610 200 /traffic
1789217757.643 200 /traffic
1789217757.676 200 /traffic
1789217757.710 200 /traffic
1789217757.742 200 /traffic
1789217757.773 200 /traffic
1789217757.806 200 /traffic
1789217757.837 200 /traffic
1789217757.870 200 /traffic
1789217757.901 200 /traffic
1789217757.933 200 /traffic
1789217757.965 200 /traffic
1789217757.995 200 /traffic
1789217758.027 200 /traffic
1789217758.058 200 /traffic
1789217758.089 200 /traffic
1789217758.121 200 /traffic
1789217758.151 200 /ready
1789217758.152 200 /traffic
1789217758.182 200 /traffic
1789217758.215 200 /traffic
1789217758.252 200 /traffic
1789217758.285 200 /traffic
1789217758.315 200 /traffic
1789217758.347 200 /traffic
1789217758.380 200 /traffic
1789217758.412 200 /traffic
1789217758.444 200 /traffic
1789217758.475 200 /traffic
1789217758.506 200 /traffic
1789217758.537 200 /traffic
1789217758.570 200 /traffic
1789217758.603 200 /traffic
1789217758.635 200 /traffic
1789217758.667 200 /traffic
1789217758.701 200 /traffic
1789217758.731 200 /traffic
1789217758.763 200 /traffic
1789217758.796 200 /traffic
1789217758.829 200 /traffic
1789217758.862 200 /traffic
1789217758.894 200 /traffic
1789217758.927 200 /traffic
1789217758.960 200 /traffic
1789217758.994 200 /traffic
1789217759.024 200 /traffic
1789217759.056 200 /traffic
1789217759.089 200 /traffic
1789217759.121 200 /traffic
1789217759.150 200 /ready
1789217759.154 200 /traffic
1789217759.187 200 /traffic
1789217759.220 200 /traffic
1789217759.252 200 /traffic
1789217759.284 200 /traffic
1789217759.318 200 /traffic
1789217759.355 200 /traffic
1789217759.398 200 /traffic
1789217759.430 200 /traffic
1789217759.460 200 /traffic
1789217759.493 200 /traffic
1789217759.524 200 /traffic
1789217759.554 200 /traffic
1789217759.584 200 /traffic
1789217759.614 200 /traffic
1789217759.648 200 /traffic
1789217759.685 200 /traffic
1789217759.718 200 /traffic
1789217759.749 200 /traffic
1789217759.779 200 /traffic
1789217759.813 200 /traffic
1789217759.845 200 /traffic
1789217759.879 200 /traffic
1789217759.910 200 /traffic
1789217759.943 200 /traffic
1789217759.976 200 /traffic
1789217760.012 200 /traffic
1789217760.048 200 /traffic
1789217760.082 200 /traffic
1789217760.115 200 /traffic
1789217760.149 200 /traffic
1789217760.150 200 /ready
1789217760.184 200 /traffic
1789217760.217 200 /traffic
1789217760.251 200 /traffic
1789217760.283 200 /traffic
1789217760.316 200 /traffic
1789217760.348 200 /traffic
1789217760.381 200 /traffic
1789217760.413 200 /traffic
1789217760.446 200 /traffic
1789217760.478 200 /traffic
1789217760.511 200 /traffic
1789217760.544 200 /traffic
1789217760.576 200 /traffic
1789217760.607 200 /traffic
1789217760.638 200 /traffic
1789217760.670 200 /traffic
1789217760.707 200 /traffic
1789217760.743 200 /traffic
1789217760.776 200 /traffic
1789217760.809 200 /traffic
1789217760.843 200 /traffic
1789217760.875 200 /traffic
1789217760.908 200 /traffic
1789217760.940 200 /traffic
1789217760.976 200 /traffic
1789217761.017 200 /traffic
1789217761.051 200 /traffic
1789217761.084 200 /traffic
1789217761.116 200 /traffic
1789217761.148 200 /traffic
1789217761.151 200 /ready
1789217761.181 200 /traffic
1789217761.214 200 /traffic
1789217761.246 200 /traffic
1789217761.280 200 /traffic
1789217761.313 200 /traffic
1789217761.351 200 /traffic
1789217761.393 200 /traffic
1789217761.433 200 /traffic
1789217761.467 200 /traffic
1789217761.503 200 /traffic
1789217761.540 200 /traffic
1789217761.574 200 /traffic
1789217761.607 200 /traffic
1789217761.645 200 /traffic
1789217761.680 200 /traffic
1789217761.716 200 /traffic
1789217761.748 200 /traffic
1789217761.780 200 /traffic
1789217761.819 200 /traffic
1789217761.851 200 /traffic
1789217761.885 200 /traffic
1789217761.934 200 /traffic
1789217761.989 200 /traffic
1789217762.027 200 /traffic
1789217762.061 200 /traffic
1789217762.094 200 /traffic
1789217762.127 200 /traffic
1789217762.151 200 /ready
1789217762.162 200 /traffic
1789217762.195 200 /traffic
1789217762.230 200 /traffic
1789217762.262 200 /traffic
1789217762.295 200 /traffic
1789217762.327 200 /traffic
1789217762.361 200 /traffic
1789217762.395 200 /traffic
1789217762.428 200 /traffic
1789217762.461 200 /traffic
1789217762.532 200 /traffic
1789217762.580 200 /traffic
1789217762.614 200 /traffic
1789217762.647 200 /traffic
1789217762.678 200 /traffic
1789217762.726 200 /traffic
1789217762.760 200 /traffic
1789217762.792 200 /traffic
1789217762.827 200 /traffic
1789217762.861 200 /traffic
1789217762.894 200 /traffic
1789217762.926 200 /traffic
1789217762.962 200 /traffic
1789217762.994 200 /traffic
1789217763.027 200 /traffic
1789217763.058 200 /traffic
1789217763.090 200 /traffic
1789217763.123 200 /traffic
1789217763.150 200 /ready
1789217763.158 200 /traffic
1789217763.190 200 /traffic
1789217763.223 200 /traffic
1789217763.256 200 /traffic
1789217763.289 200 /traffic
1789217763.322 200 /traffic
1789217763.354 200 /traffic
1789217763.385 200 /traffic
1789217763.416 200 /traffic
1789217763.450 200 /traffic
1789217763.487 200 /traffic
1789217763.523 200 /traffic
1789217763.555 200 /traffic
1789217763.587 200 /traffic
1789217763.620 200 /traffic
1789217763.654 200 /traffic
1789217763.686 200 /traffic
1789217763.719 200 /traffic
1789217763.749 200 /traffic
1789217763.782 200 /traffic
1789217763.814 200 /traffic
1789217763.849 200 /traffic
1789217763.887 200 /traffic
1789217763.921 200 /traffic
1789217763.957 200 /traffic
1789217763.991 200 /traffic
1789217764.151 404 /ready
1789217764.153 404 /ready
1789217765.153 404 /ready
1789217766.154 404 /ready
1789217767.153 404 /ready
1789217768.154 404 /ready
1789217769.153 404 /ready
1789217770.154 404 /ready
1789217771.155 404 /ready
1789217772.153 404 /ready
1789217773.153 404 /ready
1789217774.154 404 /ready
1789217775.154 404 /ready
1789217776.154 200 /ready
1789217776.422 200 /traffic
1789217776.456 200 /traffic
1789217776.492 200 /traffic
1789217776.527 200 /traffic
1789217776.559 200 /traffic
1789217776.591 200 /traffic
1789217776.623 200 /traffic
1789217776.663 200 /traffic
1789217776.699 200 /traffic
1789217776.731 200 /traffic
1789217776.762 200 /traffic
1789217776.794 200 /traffic
1789217776.826 200 /traffic
1789217776.861 200 /traffic
1789217776.899 200 /traffic
1789217776.934 200 /traffic
1789217776.966 200 /traffic
1789217776.999 200 /traffic
1789217777.031 200 /traffic
1789217777.065 200 /traffic
1789217777.098 200 /traffic
1789217777.138 200 /traffic
1789217777.154 200 /ready
1789217777.178 200 /traffic
1789217777.213 200 /traffic
1789217777.247 200 /traffic
1789217777.281 200 /traffic
1789217777.313 200 /traffic
1789217777.346 200 /traffic
1789217777.378 200 /traffic
1789217777.408 200 /traffic
1789217777.441 200 /traffic
1789217777.472 200 /traffic
1789217777.505 200 /traffic
1789217777.538 200 /traffic
1789217777.571 200 /traffic
1789217777.602 200 /traffic
1789217777.636 200 /traffic
1789217777.669 200 /traffic
1789217777.703 200 /traffic
1789217777.733 200 /traffic
1789217777.766 200 /traffic
1789217777.797 200 /traffic
1789217777.830 200 /traffic
1789217777.864 200 /traffic
1789217777.897 200 /traffic
1789217777.928 200 /traffic
1789217777.964 200 /traffic
1789217778.010 200 /traffic
1789217778.049 200 /traffic
1789217778.081 200 /traffic
1789217778.112 200 /traffic
1789217778.145 200 /traffic
1789217778.154 200 /ready
1789217778.178 200 /traffic
1789217778.211 200 /traffic
1789217778.244 200 /traffic
1789217778.277 200 /traffic
1789217778.310 200 /traffic
1789217778.344 200 /traffic
1789217778.377 200 /traffic
1789217778.410 200 /traffic
1789217778.442 200 /traffic
1789217778.472 200 /traffic
1789217778.505 200 /traffic
1789217778.540 200 /traffic
1789217778.571 200 /traffic
1789217778.602 200 /traffic
1789217778.634 200 /traffic
1789217778.665 200 /traffic
1789217778.697 200 /traffic
1789217778.729 200 /traffic
1789217778.767 200 /traffic
1789217778.803 200 /traffic
1789217778.836 200 /traffic
1789217778.868 200 /traffic
1789217778.902 200 /traffic
1789217778.933 200 /traffic
1789217778.965 200 /traffic
1789217778.999 200 /traffic
1789217779.030 200 /traffic
1789217779.061 200 /traffic
1789217779.094 200 /traffic
1789217779.125 200 /traffic
1789217779.153 200 /ready
1789217779.158 200 /traffic
1789217779.190 200 /traffic
1789217779.222 200 /traffic
1789217779.254 200 /traffic
1789217779.288 200 /traffic
1789217779.322 200 /traffic
1789217779.356 200 /traffic
1789217779.389 200 /traffic
1789217779.420 200 /traffic
1789217779.453 200 /traffic
1789217779.486 200 /traffic
1789217779.519 200 /traffic
1789217779.552 200 /traffic
1789217779.584 200 /traffic
1789217779.616 200 /traffic
1789217779.648 200 /traffic
1789217779.682 200 /traffic
1789217779.714 200 /traffic
1789217779.747 200 /traffic
1789217779.780 200 /traffic
1789217779.814 200 /traffic
1789217779.846 200 /traffic
1789217779.877 200 /traffic
1789217779.909 200 /traffic
1789217779.940 200 /traffic
1789217779.972 200 /traffic
1789217780.005 200 /traffic
1789217780.038 200 /traffic
1789217780.069 200 /traffic
1789217780.100 200 /traffic
1789217780.133 200 /traffic
1789217780.153 200 /ready
1789217780.172 200 /traffic
1789217780.207 200 /traffic
1789217780.239 200 /traffic
1789217780.271 200 /traffic
1789217780.304 200 /traffic
1789217780.335 200 /traffic
1789217780.366 200 /traffic
1789217780.396 200 /traffic
1789217780.429 200 /traffic
1789217780.461 200 /traffic
1789217780.493 200 /traffic
1789217780.527 200 /traffic
1789217780.561 200 /traffic
1789217780.595 200 /traffic
1789217780.628 200 /traffic
1789217780.660 200 /traffic
1789217780.694 200 /traffic
1789217780.731 200 /traffic
1789217780.769 200 /traffic
1789217780.805 200 /traffic
1789217780.836 200 /traffic
1789217780.867 200 /traffic
1789217780.899 200 /traffic
1789217780.934 200 /traffic
1789217780.972 200 /traffic
1789217781.016 200 /traffic
1789217781.053 200 /traffic
1789217781.102 200 /traffic
1789217781.141 200 /traffic
1789217781.154 200 /ready
1789217781.174 200 /traffic
1789217781.208 200 /traffic
1789217781.241 200 /traffic
1789217781.274 200 /traffic
1789217781.306 200 /traffic
1789217781.337 200 /traffic
1789217781.369 200 /traffic
1789217781.398 200 /traffic
1789217781.434 200 /traffic
1789217781.475 200 /traffic
1789217781.510 200 /traffic
1789217781.544 200 /traffic
1789217781.577 200 /traffic
1789217781.607 200 /traffic
1789217781.639 200 /traffic
1789217781.670 200 /traffic
1789217781.706 200 /traffic
1789217781.738 200 /traffic
1789217781.769 200 /traffic
1789217781.802 200 /traffic
1789217781.832 200 /traffic
1789217781.863 200 /traffic
1789217781.895 200 /traffic
1789217781.931 200 /traffic
1789217781.964 200 /traffic
1789217782.003 200 /traffic
1789217782.038 200 /traffic
1789217782.071 200 /traffic
1789217782.103 200 /traffic
1789217782.135 200 /traffic
1789217782.154 200 /ready
1789217782.167 200 /traffic
1789217782.199 200 /traffic
1789217782.230 200 /traffic
1789217782.262 200 /traffic
1789217782.298 200 /traffic
1789217782.336 200 /traffic
1789217782.373 200 /traffic
1789217782.404 200 /traffic
1789217782.436 200 /traffic
1789217782.474 200 /traffic
1789217782.509 200 /traffic
1789217782.543 200 /traffic
1789217782.574 200 /traffic
1789217782.606 200 /traffic
1789217782.641 200 /traffic
1789217782.672 200 /traffic
1789217782.705 200 /traffic
1789217782.737 200 /traffic
1789217782.769 200 /traffic
1789217782.801 200 /traffic
1789217782.832 200 /traffic
1789217782.866 200 /traffic
1789217782.898 200 /traffic
1789217782.932 200 /traffic
1789217782.964 200 /traffic
1789217782.998 200 /traffic
1789217783.031 200 /traffic
1789217783.062 200 /traffic
1789217783.094 200 /traffic
1789217783.128 200 /traffic
1789217783.154 404 /ready
1789217783.155 404 /ready
1789217783.160 200 /traffic
1789217783.200 200 /traffic
1789217784.156 404 /ready
1789217785.158 404 /ready
1789217786.156 404 /ready
1789217787.159 404 /ready
1789217788.156 404 /ready
1789217789.156 404 /ready
1789217790.156 404 /ready
1789217791.157 404 /ready
1789217792.156 404 /ready
1789217793.156 404 /ready
1789217794.157 404 /ready
1789217795.157 200 /ready
1789217795.625 200 /traffic
1789217795.661 200 /traffic
1789217795.697 200 /traffic
1789217795.741 200 /traffic
1789217795.780 200 /traffic
1789217795.816 200 /traffic
1789217795.848 200 /traffic
1789217795.881 200 /traffic
1789217795.913 200 /traffic
1789217795.945 200 /traffic
1789217795.977 200 /traffic
1789217796.008 200 /traffic
1789217796.040 200 /traffic
1789217796.072 200 /traffic
1789217796.104 200 /traffic
1789217796.136 200 /traffic
1789217796.157 200 /ready
1789217796.165 200 /traffic
1789217796.200 200 /traffic
1789217796.234 200 /traffic
1789217796.268 200 /traffic
1789217796.304 200 /traffic
1789217796.344 200 /traffic
1789217796.377 200 /traffic
1789217796.409 200 /traffic
1789217796.445 200 /traffic
1789217796.478 200 /traffic
1789217796.510 200 /traffic
1789217796.541 200 /traffic
1789217796.577 200 /traffic
1789217796.612 200 /traffic
1789217796.649 200 /traffic
1789217796.685 200 /traffic
1789217796.717 200 /traffic
1789217796.750 200 /traffic
1789217796.783 200 /traffic
1789217796.817 200 /traffic
1789217796.851 200 /traffic
1789217796.885 200 /traffic
1789217796.918 200 /traffic
1789217796.950 200 /traffic
1789217796.981 200 /traffic
1789217797.011 200 /traffic
1789217797.044 200 /traffic
1789217797.076 200 /traffic
1789217797.109 200 /traffic
1789217797.141 200 /traffic
1789217797.156 200 /ready
1789217797.173 200 /traffic
1789217797.206 200 /traffic
1789217797.239 200 /traffic
1789217797.271 200 /traffic
1789217797.305 200 /traffic
1789217797.338 200 /traffic
1789217797.372 200 /traffic
1789217797.403 200 /traffic
1789217797.433 200 /traffic
1789217797.468 200 /traffic
1789217797.499 200 /traffic
1789217797.530 200 /traffic
1789217797.563 200 /traffic
1789217797.595 200 /traffic
1789217797.631 200 /traffic
1789217797.666 200 /traffic
1789217797.697 200 /traffic
1789217797.731 200 /traffic
1789217797.763 200 /traffic
1789217797.795 200 /traffic
1789217797.827 200 /traffic
1789217797.860 200 /traffic
1789217797.892 200 /traffic
1789217797.924 200 /traffic
1789217797.957 200 /traffic
1789217797.989 200 /traffic
1789217798.022 200 /traffic
1789217798.056 200 /traffic
1789217798.090 200 /traffic
1789217798.122 200 /traffic
1789217798.152 200 /traffic
1789217798.156 200 /ready
1789217798.183 200 /traffic
1789217798.214 200 /traffic
1789217798.246 200 /traffic
1789217798.279 200 /traffic
1789217798.309 200 /traffic
1789217798.342 200 /traffic
1789217798.378 200 /traffic
1789217798.410 200 /traffic
1789217798.446 200 /traffic
1789217798.480 200 /traffic
1789217798.515 200 /traffic
1789217798.552 200 /traffic
1789217798.583 200 /traffic
1789217798.614 200 /traffic
1789217798.645 200 /traffic
1789217798.676 200 /traffic
1789217798.709 200 /traffic
1789217798.744 200 /traffic
1789217798.774 200 /traffic
1789217798.808 200 /traffic
1789217798.842 200 /traffic
1789217798.875 200 /traffic
1789217798.909 200 /traffic
1789217798.940 200 /traffic
1789217798.971 200 /traffic
1789217799.003 200 /traffic
1789217799.036 200 /traffic
1789217799.068 200 /traffic
1789217799.101 200 /traffic
1789217799.134 200 /traffic
1789217799.157 200 /ready
1789217799.165 200 /traffic
1789217799.197 200 /traffic
1789217799.228 200 /traffic
1789217799.258 200 /traffic
1789217799.290 200 /traffic
1789217799.330 200 /traffic
1789217799.369 200 /traffic
1789217799.404 200 /traffic
1789217799.437 200 /traffic
1789217799.470 200 /traffic
1789217799.504 200 /traffic
1789217799.536 200 /traffic
1789217799.569 200 /traffic
1789217799.601 200 /traffic
1789217799.632 200 /traffic
1789217799.665 200 /traffic
1789217799.699 200 /traffic
1789217799.730 200 /traffic
1789217799.766 200 /traffic
1789217799.804 200 /traffic
1789217799.839 200 /traffic
1789217799.875 200 /traffic
1789217799.908 200 /traffic
1789217799.940 200 /traffic
1789217799.973 200 /traffic
1789217800.009 200 /traffic
1789217800.043 200 /traffic
1789217800.079 200 /traffic
1789217800.114 200 /traffic
1789217800.148 200 /traffic
1789217800.157 200 /ready
1789217800.182 200 /traffic
1789217800.214 200 /traffic
1789217800.246 200 /traffic
1789217800.278 200 /traffic
1789217800.309 200 /traffic
1789217800.340 200 /traffic
1789217800.371 200 /traffic
1789217800.403 200 /traffic
1789217800.435 200 /traffic
1789217800.467 200 /traffic
1789217800.497 200 /traffic
1789217800.532 200 /traffic
1789217800.566 200 /traffic
1789217800.599 200 /traffic
1789217800.633 200 /traffic
1789217800.666 200 /traffic
1789217800.702 200 /traffic
1789217800.739 200 /traffic
1789217800.772 200 /traffic
1789217800.805 200 /traffic
1789217800.837 200 /traffic
1789217800.868 200 /traffic
1789217800.900 200 /traffic
1789217800.933 200 /traffic
1789217800.969 200 /traffic
1789217801.005 200 /traffic
1789217801.051 200 /traffic
1789217801.091 200 /traffic
1789217801.122 200 /traffic
1789217801.153 200 /traffic
1789217801.156 200 /ready
1789217801.187 200 /traffic
1789217801.219 200 /traffic
1789217801.251 200 /traffic
1789217801.283 200 /traffic
1789217801.316 200 /traffic
1789217801.351 200 /traffic
1789217801.385 200 /traffic
1789217801.417 200 /traffic
1789217801.450 200 /traffic
1789217801.483 200 /traffic
1789217801.516 200 /traffic
1789217801.548 200 /traffic
1789217801.582 200 /traffic
1789217801.616 200 /traffic
1789217801.651 200 /traffic
1789217801.685 200 /traffic
1789217801.722 200 /traffic
1789217801.755 200 /traffic
1789217801.789 200 /traffic
1789217801.821 200 /traffic
1789217801.858 200 /traffic
1789217801.893 200 /traffic
1789217801.928 200 /traffic
1789217801.964 200 /traffic
1789217802.001 200 /traffic
1789217802.039 200 /traffic
1789217802.075 200 /traffic
1789217802.107 200 /traffic
1789217802.142 200 /traffic
1789217802.156 200 /ready
1789217802.186 200 /traffic
1789217802.221 200 /traffic
1789217802.255 200 /traffic
1789217802.287 200 /traffic
1789217802.321 200 /traffic
1789217802.354 200 /traffic
1789217802.388 200 /traffic
1789217802.435 200 /traffic
1789217802.511 200 /traffic
1789217802.544 200 /traffic
1789217802.578 200 /traffic
1789217802.615 200 /traffic
1789217802.651 200 /traffic
1789217802.682 200 /traffic
1789217802.715 200 /traffic
1789217802.748 200 /traffic
1789217802.780 200 /traffic
1789217802.814 200 /traffic
1789217802.850 200 /traffic
1789217802.888 200 /traffic
1789217802.923 200 /traffic
1789217802.960 200 /traffic
1789217802.997 200 /traffic
1789217803.033 200 /traffic
1789217803.067 200 /traffic
1789217803.109 200 /traffic
1789217803.156 200 /traffic
1789217803.158 404 /ready
1789217803.161 404 /ready
1789217803.198 200 /traffic
1789217803.237 200 /traffic
1789217804.162 404 /ready
1789217805.162 404 /ready
1789217806.162 404 /ready
1789217807.162 404 /ready
1789217808.162 404 /ready
1789217809.162 404 /ready
1789217810.162 404 /ready
1789217811.161 404 /ready
1789217812.162 404 /ready
1789217813.161 404 /ready
1789217814.162 404 /ready
1789217815.161 200 /ready
1789217815.671 200 /traffic
1789217815.702 200 /traffic
1789217815.734 200 /traffic
1789217815.765 200 /traffic
1789217815.798 200 /traffic
1789217815.833 200 /traffic
1789217815.866 200 /traffic
1789217815.901 200 /traffic
1789217815.934 200 /traffic
1789217815.967 200 /traffic
1789217815.998 200 /traffic
1789217816.029 200 /traffic
1789217816.061 200 /traffic
1789217816.094 200 /traffic
1789217816.127 200 /traffic
1789217816.160 200 /traffic
1789217816.161 200 /ready
1789217816.191 200 /traffic
1789217816.223 200 /traffic
1789217816.254 200 /traffic
1789217816.286 200 /traffic
1789217816.319 200 /traffic
1789217816.350 200 /traffic
1789217816.381 200 /traffic
1789217816.413 200 /traffic
1789217816.448 200 /traffic
1789217816.482 200 /traffic
1789217816.514 200 /traffic
1789217816.548 200 /traffic
1789217816.579 200 /traffic
1789217816.612 200 /traffic
1789217816.644 200 /traffic
1789217816.677 200 /traffic
1789217816.713 200 /traffic
1789217816.750 200 /traffic
1789217816.783 200 /traffic
1789217816.815 200 /traffic
1789217816.848 200 /traffic
1789217816.883 200 /traffic
1789217816.914 200 /traffic
1789217816.945 200 /traffic
1789217816.980 200 /traffic
1789217817.012 200 /traffic
1789217817.047 200 /traffic
1789217817.081 200 /traffic
1789217817.111 200 /traffic
1789217817.143 200 /traffic
1789217817.162 200 /ready
1789217817.178 200 /traffic
1789217817.213 200 /traffic
1789217817.249 200 /traffic
1789217817.285 200 /traffic
1789217817.321 200 /traffic
1789217817.355 200 /traffic
1789217817.388 200 /traffic
1789217817.420 200 /traffic
1789217817.453 200 /traffic
1789217817.485 200 /traffic
1789217817.518 200 /traffic
1789217817.552 200 /traffic
1789217817.598 200 /traffic
1789217817.634 200 /traffic
1789217817.666 200 /traffic
1789217817.697 200 /traffic
1789217817.729 200 /traffic
1789217817.761 200 /traffic
1789217817.796 200 /traffic
1789217817.829 200 /traffic
1789217817.861 200 /traffic
1789217817.893 200 /traffic
1789217817.928 200 /traffic
1789217817.962 200 /traffic
1789217817.996 200 /traffic
1789217818.031 200 /traffic
1789217818.063 200 /traffic
1789217818.095 200 /traffic
1789217818.127 200 /traffic
1789217818.160 200 /traffic
1789217818.162 200 /ready
1789217818.192 200 /traffic
1789217818.226 200 /traffic
1789217818.265 200 /traffic
1789217818.300 200 /traffic
1789217818.334 200 /traffic
1789217818.367 200 /traffic
1789217818.400 200 /traffic
1789217818.434 200 /traffic
1789217818.469 200 /traffic
1789217818.505 200 /traffic
1789217818.539 200 /traffic
1789217818.575 200 /traffic
1789217818.609 200 /traffic
1789217818.645 200 /traffic
1789217818.681 200 /traffic
1789217818.718 200 /traffic
1789217818.752 200 /traffic
1789217818.786 200 /traffic
1789217818.821 200 /traffic
1789217818.855 200 /traffic
1789217818.889 200 /traffic
1789217818.922 200 /traffic
1789217818.955 200 /traffic
1789217818.985 200 /traffic
1789217819.019 200 /traffic
1789217819.055 200 /traffic
1789217819.090 200 /traffic
1789217819.125 200 /traffic
1789217819.162 200 /ready
1789217819.162 200 /traffic
1789217819.197 200 /traffic
1789217819.232 200 /traffic
1789217819.269 200 /traffic
1789217819.305 200 /traffic
1789217819.341 200 /traffic
1789217819.379 200 /traffic
1789217819.414 200 /traffic
1789217819.450 200 /traffic
1789217819.484 200 /traffic
1789217819.518 200 /traffic
1789217819.553 200 /traffic
1789217819.590 200 /traffic
1789217819.627 200 /traffic
1789217819.664 200 /traffic
1789217819.698 200 /traffic
1789217819.732 200 /traffic
1789217819.768 200 /traffic
1789217819.801 200 /traffic
1789217819.831 200 /traffic
1789217819.864 200 /traffic
1789217819.896 200 /traffic
1789217819.929 200 /traffic
1789217819.963 200 /traffic
1789217819.997 200 /traffic
1789217820.032 200 /traffic
1789217820.065 200 /traffic
1789217820.102 200 /traffic
1789217820.136 200 /traffic
1789217820.162 200 /ready
1789217820.167 200 /traffic
1789217820.198 200 /traffic
1789217820.230 200 /traffic
1789217820.263 200 /traffic
1789217820.297 200 /traffic
1789217820.329 200 /traffic
1789217820.363 200 /traffic
1789217820.395 200 /traffic
1789217820.428 200 /traffic
1789217820.462 200 /traffic
1789217820.495 200 /traffic
1789217820.529 200 /traffic
1789217820.563 200 /traffic
1789217820.598 200 /traffic
1789217820.639 200 /traffic
1789217820.676 200 /traffic
1789217820.711 200 /traffic
1789217820.746 200 /traffic
1789217820.782 200 /traffic
1789217820.813 200 /traffic
1789217820.846 200 /traffic
1789217820.878 200 /traffic
1789217820.909 200 /traffic
1789217820.939 200 /traffic
1789217820.971 200 /traffic
1789217821.004 200 /traffic
1789217821.038 200 /traffic
1789217821.073 200 /traffic
1789217821.109 200 /traffic
1789217821.145 200 /traffic
1789217821.162 200 /ready
1789217821.179 200 /traffic
1789217821.213 200 /traffic
1789217821.250 200 /traffic
1789217821.285 200 /traffic
1789217821.320 200 /traffic
1789217821.356 200 /traffic
1789217821.390 200 /traffic
1789217821.423 200 /traffic
1789217821.457 200 /traffic
1789217821.490 200 /traffic
